Starting Dynare (version 7.0).
Calling Dynare with arguments: none
Starting preprocessing of the model file ...
WARNING: The following parameter(s) are used with a lead or a lag in the model block: nu omega
Substitution of exo leads: added 1 auxiliary variables and equations.
Found 45 equation(s).
Evaluating expressions...
Computing static model derivatives (order 1).
Normalizing the static model...
Finding the optimal block decomposition of the static model...
8 block(s) found:
  5 recursive block(s) and 3 simultaneous block(s).
  the largest simultaneous block has 26 equation(s)
                                 and 26 feedback variable(s).
Computing dynamic model derivatives (order 1).
Normalizing the dynamic model...
Finding the optimal block decomposition of the dynamic model...
7 block(s) found:
  4 recursive block(s) and 3 simultaneous block(s).
  the largest simultaneous block has 26 equation(s)
                                 and 22 feedback variable(s).
Preprocessing completed.
Preprocessing time: 0h00m00s.
WPP: gamma 0.9061 -> 0.9656 | phi 0.0375 -> 0.0198

STEADY-STATE RESULTS:

n_RoW           		 0.0105747
psi_o_RoW       		 0.239211
psi_y_RoW       		 0.177874
n_y_RoW         		 0.0105747
n_m_RoW         		 0.0105747
n_o_RoW         		 0.0105747
mu_o_RoW        		 0.0995026
mu_m_RoW        		 0.0469251
mu_y_RoW        		 0.0402184
s_o_RoW         		 0.567973
s_m_RoW         		 1.80576
s_y_RoW         		 0.2847
h_m_RoW         		 2.82655
h_y_RoW         		 0.445641
a_RoW           		 3.29245
a_o_RoW         		 0.893188
a_m_RoW         		 2.53558
a_y_RoW         		 -0.136316
z_o_RoW         		 1.54535
z_m_RoW         		 7.1304
z_y_RoW         		 0.618916
c_o_RoW         		 0.153766
c_m_RoW         		 0.334595
c_y_RoW         		 0.0248918
y_RoW           		 1.08528
k_RoW           		 2.64128
w_RoW           		 0.727137
inv_RoW         		 0.300706
b_RoW           		 0.651167
gov_RoW         		 0.27132
e_RoW           		 0.0695757
t_RoW           		 0.355055
tilde_R_RoW     		 1.03771
g_RoW           		 1.01563
q_RoW           		 1.02175
tilde_s_m_RoW   		 0.705674
tilde_s_y_RoW   		 0.125521
tilde_s_o_RoW   		 0.168805
Omega_m_RoW     		 1.08741
Omega_y_RoW     		 1.07226
eta_o_RoW       		 0.271284
eta_m_RoW       		 0.770119
eta_y_RoW       		 -0.0414027
walras_RoW      		 -1.66533e-16

EIGENVALUES:
         Modulus             Real        Imaginary
       9.259e-17       -9.259e-17                0
       2.956e-09       -1.086e-16        2.956e-09
       2.956e-09       -1.086e-16       -2.956e-09
          0.7564           0.7564                0
          0.7564           0.7564                0
          0.7846           0.7846                0
          0.8966           0.8966                0
          0.8966           0.8966                0
          0.9064           0.9064          0.01047
          0.9064           0.9064         -0.01047
          0.9895           0.9895                0
           1.078            1.078                0
           1.152            1.152                0
           1.154            1.154                0
           1.188            1.187          0.05036
           1.188            1.187         -0.05036
           1.383            1.383                0
           1.384            1.384                0
           1.394            1.394                0
       3.501e+15        3.501e+15                0
       5.698e+15       -3.588e+15        4.426e+15
       5.698e+15       -3.588e+15       -4.426e+15
       8.209e+15        2.526e+15         7.81e+15
       8.209e+15        2.526e+15        -7.81e+15
       4.357e+16        4.357e+16                0
       8.224e+16        8.224e+16                0
             Inf             -Inf                0

There are 16 eigenvalue(s) larger than 1 in modulus for 16 forward-looking variable(s).
The order and rank conditions are verified.

>>> STARTING ROLLING MIT SHOCKS LOOP... <<<

Year 1 of 500 (calendar 1971) solved under constant beliefs.

Year 2 of 500 (calendar 1972) solved under constant beliefs.

Year 3 of 500 (calendar 1973) solved under constant beliefs.

Year 4 of 500 (calendar 1974) solved under constant beliefs.

Year 5 of 500 (calendar 1975) solved under constant beliefs.

Year 6 of 500 (calendar 1976) solved under constant beliefs.

Year 7 of 500 (calendar 1977) solved under constant beliefs.

Year 8 of 500 (calendar 1978) solved under constant beliefs.

Year 9 of 500 (calendar 1979) solved under constant beliefs.

Year 10 of 500 (calendar 1980) solved under constant beliefs.

Year 11 of 500 (calendar 1981) solved under constant beliefs.

Year 12 of 500 (calendar 1982) solved under constant beliefs.

Year 13 of 500 (calendar 1983) solved under constant beliefs.

Year 14 of 500 (calendar 1984) solved under constant beliefs.

Year 15 of 500 (calendar 1985) solved under constant beliefs.

Year 16 of 500 (calendar 1986) solved under constant beliefs.

Year 17 of 500 (calendar 1987) solved under constant beliefs.

Year 18 of 500 (calendar 1988) solved under constant beliefs.

Year 19 of 500 (calendar 1989) solved under constant beliefs.

Year 20 of 500 (calendar 1990) solved under constant beliefs.

Year 21 of 500 (calendar 1991) solved under constant beliefs.

Year 22 of 500 (calendar 1992) solved under constant beliefs.

Year 23 of 500 (calendar 1993) solved under constant beliefs.

Year 24 of 500 (calendar 1994) solved under constant beliefs.

Year 25 of 500 (calendar 1995) solved under constant beliefs.

Year 26 of 500 (calendar 1996) solved under constant beliefs.

Year 27 of 500 (calendar 1997) solved under constant beliefs.

Year 28 of 500 (calendar 1998) solved under constant beliefs.

Year 29 of 500 (calendar 1999) solved under constant beliefs.

Year 30 of 500 (calendar 2000) solved under constant beliefs.

Year 31 of 500 (calendar 2001) solved under constant beliefs.

Year 32 of 500 (calendar 2002) solved under constant beliefs.

Year 33 of 500 (calendar 2003) solved under constant beliefs.

Year 34 of 500 (calendar 2004) solved under constant beliefs.

Year 35 of 500 (calendar 2005) solved under constant beliefs.

Year 36 of 500 (calendar 2006) solved under constant beliefs.

Year 37 of 500 (calendar 2007) solved under constant beliefs.

Year 38 of 500 (calendar 2008) solved under constant beliefs.

Year 39 of 500 (calendar 2009) solved under constant beliefs.

Year 40 of 500 (calendar 2010) solved under constant beliefs.

Year 41 of 500 (calendar 2011) solved under constant beliefs.

Year 42 of 500 (calendar 2012) solved under constant beliefs.

Year 43 of 500 (calendar 2013) solved under constant beliefs.

Year 44 of 500 (calendar 2014) solved under constant beliefs.

Year 45 of 500 (calendar 2015) solved under constant beliefs.

Year 46 of 500 (calendar 2016) solved under constant beliefs.

Year 47 of 500 (calendar 2017) solved under constant beliefs.

Year 48 of 500 (calendar 2018) solved under constant beliefs.

Year 49 of 500 (calendar 2019) solved under constant beliefs.

Year 50 of 500 (calendar 2020) solved under constant beliefs.

Year 51 of 500 (calendar 2021) solved under constant beliefs.

Year 52 of 500 (calendar 2022) solved under constant beliefs.

Year 53 of 500 (calendar 2023) solved under constant beliefs.

Year 54 of 500 (calendar 2024) solved under constant beliefs.

Year 55 of 500 (calendar 2025) solved under constant beliefs.

Year 56 of 500 (calendar 2026) solved under constant beliefs.

Year 57 of 500 (calendar 2027) solved under constant beliefs.

Year 58 of 500 (calendar 2028) solved under constant beliefs.

Year 59 of 500 (calendar 2029) solved under constant beliefs.

Year 60 of 500 (calendar 2030) solved under constant beliefs.

Year 61 of 500 (calendar 2031) solved under constant beliefs.

Year 62 of 500 (calendar 2032) solved under constant beliefs.

Year 63 of 500 (calendar 2033) solved under constant beliefs.

Year 64 of 500 (calendar 2034) solved under constant beliefs.

Year 65 of 500 (calendar 2035) solved under constant beliefs.

Year 66 of 500 (calendar 2036) solved under constant beliefs.

Year 67 of 500 (calendar 2037) solved under constant beliefs.

Year 68 of 500 (calendar 2038) solved under constant beliefs.

Year 69 of 500 (calendar 2039) solved under constant beliefs.

Year 70 of 500 (calendar 2040) solved under constant beliefs.

Year 71 of 500 (calendar 2041) solved under constant beliefs.

Year 72 of 500 (calendar 2042) solved under constant beliefs.

Year 73 of 500 (calendar 2043) solved under constant beliefs.

Year 74 of 500 (calendar 2044) solved under constant beliefs.

Year 75 of 500 (calendar 2045) solved under constant beliefs.

Year 76 of 500 (calendar 2046) solved under constant beliefs.

Year 77 of 500 (calendar 2047) solved under constant beliefs.

Year 78 of 500 (calendar 2048) solved under constant beliefs.

Year 79 of 500 (calendar 2049) solved under constant beliefs.

Year 80 of 500 (calendar 2050) solved under constant beliefs.

Year 81 of 500 (calendar 2051) solved under constant beliefs.

Year 82 of 500 (calendar 2052) solved under constant beliefs.

Year 83 of 500 (calendar 2053) solved under constant beliefs.

Year 84 of 500 (calendar 2054) solved under constant beliefs.

Year 85 of 500 (calendar 2055) solved under constant beliefs.

Year 86 of 500 (calendar 2056) solved under constant beliefs.

Year 87 of 500 (calendar 2057) solved under constant beliefs.

Year 88 of 500 (calendar 2058) solved under constant beliefs.

Year 89 of 500 (calendar 2059) solved under constant beliefs.

Year 90 of 500 (calendar 2060) solved under constant beliefs.

Year 91 of 500 (calendar 2061) solved under constant beliefs.

Year 92 of 500 (calendar 2062) solved under constant beliefs.

Year 93 of 500 (calendar 2063) solved under constant beliefs.

Year 94 of 500 (calendar 2064) solved under constant beliefs.

Year 95 of 500 (calendar 2065) solved under constant beliefs.

Year 96 of 500 (calendar 2066) solved under constant beliefs.

Year 97 of 500 (calendar 2067) solved under constant beliefs.

Year 98 of 500 (calendar 2068) solved under constant beliefs.

Year 99 of 500 (calendar 2069) solved under constant beliefs.

Year 100 of 500 (calendar 2070) solved under constant beliefs.

Year 101 of 500 (calendar 2071) solved under constant beliefs.

Year 102 of 500 (calendar 2072) solved under constant beliefs.

Year 103 of 500 (calendar 2073) solved under constant beliefs.

Year 104 of 500 (calendar 2074) solved under constant beliefs.

Year 105 of 500 (calendar 2075) solved under constant beliefs.

Year 106 of 500 (calendar 2076) solved under constant beliefs.

Year 107 of 500 (calendar 2077) solved under constant beliefs.

Year 108 of 500 (calendar 2078) solved under constant beliefs.

Year 109 of 500 (calendar 2079) solved under constant beliefs.

Year 110 of 500 (calendar 2080) solved under constant beliefs.

Year 111 of 500 (calendar 2081) solved under constant beliefs.

Year 112 of 500 (calendar 2082) solved under constant beliefs.

Year 113 of 500 (calendar 2083) solved under constant beliefs.

Year 114 of 500 (calendar 2084) solved under constant beliefs.

Year 115 of 500 (calendar 2085) solved under constant beliefs.

Year 116 of 500 (calendar 2086) solved under constant beliefs.

Year 117 of 500 (calendar 2087) solved under constant beliefs.

Year 118 of 500 (calendar 2088) solved under constant beliefs.

Year 119 of 500 (calendar 2089) solved under constant beliefs.

Year 120 of 500 (calendar 2090) solved under constant beliefs.

Year 121 of 500 (calendar 2091) solved under constant beliefs.

Year 122 of 500 (calendar 2092) solved under constant beliefs.

Year 123 of 500 (calendar 2093) solved under constant beliefs.

Year 124 of 500 (calendar 2094) solved under constant beliefs.

Year 125 of 500 (calendar 2095) solved under constant beliefs.

Year 126 of 500 (calendar 2096) solved under constant beliefs.

Year 127 of 500 (calendar 2097) solved under constant beliefs.

Year 128 of 500 (calendar 2098) solved under constant beliefs.

Year 129 of 500 (calendar 2099) solved under constant beliefs.

Year 130 of 500 (calendar 2100) solved under constant beliefs.

Year 131 of 500 (calendar 2101) solved under constant beliefs.

Year 132 of 500 (calendar 2102) solved under constant beliefs.

Year 133 of 500 (calendar 2103) solved under constant beliefs.

Year 134 of 500 (calendar 2104) solved under constant beliefs.

Year 135 of 500 (calendar 2105) solved under constant beliefs.

Year 136 of 500 (calendar 2106) solved under constant beliefs.

Year 137 of 500 (calendar 2107) solved under constant beliefs.

Year 138 of 500 (calendar 2108) solved under constant beliefs.

Year 139 of 500 (calendar 2109) solved under constant beliefs.

Year 140 of 500 (calendar 2110) solved under constant beliefs.

Year 141 of 500 (calendar 2111) solved under constant beliefs.

Year 142 of 500 (calendar 2112) solved under constant beliefs.

Year 143 of 500 (calendar 2113) solved under constant beliefs.

Year 144 of 500 (calendar 2114) solved under constant beliefs.

Year 145 of 500 (calendar 2115) solved under constant beliefs.

Year 146 of 500 (calendar 2116) solved under constant beliefs.

Year 147 of 500 (calendar 2117) solved under constant beliefs.

Year 148 of 500 (calendar 2118) solved under constant beliefs.

Year 149 of 500 (calendar 2119) solved under constant beliefs.

Year 150 of 500 (calendar 2120) solved under constant beliefs.

Year 151 of 500 (calendar 2121) solved under constant beliefs.

Year 152 of 500 (calendar 2122) solved under constant beliefs.

Year 153 of 500 (calendar 2123) solved under constant beliefs.

Year 154 of 500 (calendar 2124) solved under constant beliefs.

Year 155 of 500 (calendar 2125) solved under constant beliefs.

Year 156 of 500 (calendar 2126) solved under constant beliefs.

Year 157 of 500 (calendar 2127) solved under constant beliefs.

Year 158 of 500 (calendar 2128) solved under constant beliefs.

Year 159 of 500 (calendar 2129) solved under constant beliefs.

Year 160 of 500 (calendar 2130) solved under constant beliefs.

Year 161 of 500 (calendar 2131) solved under constant beliefs.

Year 162 of 500 (calendar 2132) solved under constant beliefs.

Year 163 of 500 (calendar 2133) solved under constant beliefs.

Year 164 of 500 (calendar 2134) solved under constant beliefs.

Year 165 of 500 (calendar 2135) solved under constant beliefs.

Year 166 of 500 (calendar 2136) solved under constant beliefs.

Year 167 of 500 (calendar 2137) solved under constant beliefs.

Year 168 of 500 (calendar 2138) solved under constant beliefs.

Year 169 of 500 (calendar 2139) solved under constant beliefs.

Year 170 of 500 (calendar 2140) solved under constant beliefs.

Year 171 of 500 (calendar 2141) solved under constant beliefs.

Year 172 of 500 (calendar 2142) solved under constant beliefs.

Year 173 of 500 (calendar 2143) solved under constant beliefs.

Year 174 of 500 (calendar 2144) solved under constant beliefs.

Year 175 of 500 (calendar 2145) solved under constant beliefs.

Year 176 of 500 (calendar 2146) solved under constant beliefs.

Year 177 of 500 (calendar 2147) solved under constant beliefs.

Year 178 of 500 (calendar 2148) solved under constant beliefs.

Year 179 of 500 (calendar 2149) solved under constant beliefs.

Year 180 of 500 (calendar 2150) solved under constant beliefs.

Year 181 of 500 (calendar 2151) solved under constant beliefs.

Year 182 of 500 (calendar 2152) solved under constant beliefs.

Year 183 of 500 (calendar 2153) solved under constant beliefs.

Year 184 of 500 (calendar 2154) solved under constant beliefs.

Year 185 of 500 (calendar 2155) solved under constant beliefs.

Year 186 of 500 (calendar 2156) solved under constant beliefs.

Year 187 of 500 (calendar 2157) solved under constant beliefs.

Year 188 of 500 (calendar 2158) solved under constant beliefs.

Year 189 of 500 (calendar 2159) solved under constant beliefs.

Year 190 of 500 (calendar 2160) solved under constant beliefs.

Year 191 of 500 (calendar 2161) solved under constant beliefs.

Year 192 of 500 (calendar 2162) solved under constant beliefs.

Year 193 of 500 (calendar 2163) solved under constant beliefs.

Year 194 of 500 (calendar 2164) solved under constant beliefs.

Year 195 of 500 (calendar 2165) solved under constant beliefs.

Year 196 of 500 (calendar 2166) solved under constant beliefs.

Year 197 of 500 (calendar 2167) solved under constant beliefs.

Year 198 of 500 (calendar 2168) solved under constant beliefs.

Year 199 of 500 (calendar 2169) solved under constant beliefs.

Year 200 of 500 (calendar 2170) solved under constant beliefs.

Year 201 of 500 (calendar 2171) solved under constant beliefs.

Year 202 of 500 (calendar 2172) solved under constant beliefs.

Year 203 of 500 (calendar 2173) solved under constant beliefs.

Year 204 of 500 (calendar 2174) solved under constant beliefs.

Year 205 of 500 (calendar 2175) solved under constant beliefs.

Year 206 of 500 (calendar 2176) solved under constant beliefs.

Year 207 of 500 (calendar 2177) solved under constant beliefs.

Year 208 of 500 (calendar 2178) solved under constant beliefs.

Year 209 of 500 (calendar 2179) solved under constant beliefs.

Year 210 of 500 (calendar 2180) solved under constant beliefs.

Year 211 of 500 (calendar 2181) solved under constant beliefs.

Year 212 of 500 (calendar 2182) solved under constant beliefs.

Year 213 of 500 (calendar 2183) solved under constant beliefs.

Year 214 of 500 (calendar 2184) solved under constant beliefs.

Year 215 of 500 (calendar 2185) solved under constant beliefs.

Year 216 of 500 (calendar 2186) solved under constant beliefs.

Year 217 of 500 (calendar 2187) solved under constant beliefs.

Year 218 of 500 (calendar 2188) solved under constant beliefs.

Year 219 of 500 (calendar 2189) solved under constant beliefs.

Year 220 of 500 (calendar 2190) solved under constant beliefs.

Year 221 of 500 (calendar 2191) solved under constant beliefs.

Year 222 of 500 (calendar 2192) solved under constant beliefs.

Year 223 of 500 (calendar 2193) solved under constant beliefs.

Year 224 of 500 (calendar 2194) solved under constant beliefs.

Year 225 of 500 (calendar 2195) solved under constant beliefs.

Year 226 of 500 (calendar 2196) solved under constant beliefs.

Year 227 of 500 (calendar 2197) solved under constant beliefs.

Year 228 of 500 (calendar 2198) solved under constant beliefs.

Year 229 of 500 (calendar 2199) solved under constant beliefs.

Year 230 of 500 (calendar 2200) solved under constant beliefs.

Year 231 of 500 (calendar 2201) solved under constant beliefs.

Year 232 of 500 (calendar 2202) solved under constant beliefs.

Year 233 of 500 (calendar 2203) solved under constant beliefs.

Year 234 of 500 (calendar 2204) solved under constant beliefs.

Year 235 of 500 (calendar 2205) solved under constant beliefs.

Year 236 of 500 (calendar 2206) solved under constant beliefs.

Year 237 of 500 (calendar 2207) solved under constant beliefs.

Year 238 of 500 (calendar 2208) solved under constant beliefs.

Year 239 of 500 (calendar 2209) solved under constant beliefs.

Year 240 of 500 (calendar 2210) solved under constant beliefs.

Year 241 of 500 (calendar 2211) solved under constant beliefs.

Year 242 of 500 (calendar 2212) solved under constant beliefs.

Year 243 of 500 (calendar 2213) solved under constant beliefs.

Year 244 of 500 (calendar 2214) solved under constant beliefs.

Year 245 of 500 (calendar 2215) solved under constant beliefs.

Year 246 of 500 (calendar 2216) solved under constant beliefs.

Year 247 of 500 (calendar 2217) solved under constant beliefs.

Year 248 of 500 (calendar 2218) solved under constant beliefs.

Year 249 of 500 (calendar 2219) solved under constant beliefs.

Year 250 of 500 (calendar 2220) solved under constant beliefs.

Year 251 of 500 (calendar 2221) solved under constant beliefs.

Year 252 of 500 (calendar 2222) solved under constant beliefs.

Year 253 of 500 (calendar 2223) solved under constant beliefs.

Year 254 of 500 (calendar 2224) solved under constant beliefs.

Year 255 of 500 (calendar 2225) solved under constant beliefs.

Year 256 of 500 (calendar 2226) solved under constant beliefs.

Year 257 of 500 (calendar 2227) solved under constant beliefs.

Year 258 of 500 (calendar 2228) solved under constant beliefs.

Year 259 of 500 (calendar 2229) solved under constant beliefs.

Year 260 of 500 (calendar 2230) solved under constant beliefs.

Year 261 of 500 (calendar 2231) solved under constant beliefs.

Year 262 of 500 (calendar 2232) solved under constant beliefs.

Year 263 of 500 (calendar 2233) solved under constant beliefs.

Year 264 of 500 (calendar 2234) solved under constant beliefs.

Year 265 of 500 (calendar 2235) solved under constant beliefs.

Year 266 of 500 (calendar 2236) solved under constant beliefs.

Year 267 of 500 (calendar 2237) solved under constant beliefs.

Year 268 of 500 (calendar 2238) solved under constant beliefs.

Year 269 of 500 (calendar 2239) solved under constant beliefs.

Year 270 of 500 (calendar 2240) solved under constant beliefs.

Year 271 of 500 (calendar 2241) solved under constant beliefs.

Year 272 of 500 (calendar 2242) solved under constant beliefs.

Year 273 of 500 (calendar 2243) solved under constant beliefs.

Year 274 of 500 (calendar 2244) solved under constant beliefs.

Year 275 of 500 (calendar 2245) solved under constant beliefs.

Year 276 of 500 (calendar 2246) solved under constant beliefs.

Year 277 of 500 (calendar 2247) solved under constant beliefs.

Year 278 of 500 (calendar 2248) solved under constant beliefs.

Year 279 of 500 (calendar 2249) solved under constant beliefs.

Year 280 of 500 (calendar 2250) solved under constant beliefs.

Year 281 of 500 (calendar 2251) solved under constant beliefs.

Year 282 of 500 (calendar 2252) solved under constant beliefs.

Year 283 of 500 (calendar 2253) solved under constant beliefs.

Year 284 of 500 (calendar 2254) solved under constant beliefs.

Year 285 of 500 (calendar 2255) solved under constant beliefs.

Year 286 of 500 (calendar 2256) solved under constant beliefs.

Year 287 of 500 (calendar 2257) solved under constant beliefs.

Year 288 of 500 (calendar 2258) solved under constant beliefs.

Year 289 of 500 (calendar 2259) solved under constant beliefs.

Year 290 of 500 (calendar 2260) solved under constant beliefs.

Year 291 of 500 (calendar 2261) solved under constant beliefs.

Year 292 of 500 (calendar 2262) solved under constant beliefs.

Year 293 of 500 (calendar 2263) solved under constant beliefs.

Year 294 of 500 (calendar 2264) solved under constant beliefs.

Year 295 of 500 (calendar 2265) solved under constant beliefs.

Year 296 of 500 (calendar 2266) solved under constant beliefs.

Year 297 of 500 (calendar 2267) solved under constant beliefs.

Year 298 of 500 (calendar 2268) solved under constant beliefs.

Year 299 of 500 (calendar 2269) solved under constant beliefs.

Year 300 of 500 (calendar 2270) solved under constant beliefs.

Year 301 of 500 (calendar 2271) solved under constant beliefs.

Year 302 of 500 (calendar 2272) solved under constant beliefs.

Year 303 of 500 (calendar 2273) solved under constant beliefs.

Year 304 of 500 (calendar 2274) solved under constant beliefs.

Year 305 of 500 (calendar 2275) solved under constant beliefs.

Year 306 of 500 (calendar 2276) solved under constant beliefs.

Year 307 of 500 (calendar 2277) solved under constant beliefs.

Year 308 of 500 (calendar 2278) solved under constant beliefs.

Year 309 of 500 (calendar 2279) solved under constant beliefs.

Year 310 of 500 (calendar 2280) solved under constant beliefs.

Year 311 of 500 (calendar 2281) solved under constant beliefs.

Year 312 of 500 (calendar 2282) solved under constant beliefs.

Year 313 of 500 (calendar 2283) solved under constant beliefs.

Year 314 of 500 (calendar 2284) solved under constant beliefs.

Year 315 of 500 (calendar 2285) solved under constant beliefs.

Year 316 of 500 (calendar 2286) solved under constant beliefs.

Year 317 of 500 (calendar 2287) solved under constant beliefs.

Year 318 of 500 (calendar 2288) solved under constant beliefs.

Year 319 of 500 (calendar 2289) solved under constant beliefs.

Year 320 of 500 (calendar 2290) solved under constant beliefs.

Year 321 of 500 (calendar 2291) solved under constant beliefs.

Year 322 of 500 (calendar 2292) solved under constant beliefs.

Year 323 of 500 (calendar 2293) solved under constant beliefs.

Year 324 of 500 (calendar 2294) solved under constant beliefs.

Year 325 of 500 (calendar 2295) solved under constant beliefs.

Year 326 of 500 (calendar 2296) solved under constant beliefs.

Year 327 of 500 (calendar 2297) solved under constant beliefs.

Year 328 of 500 (calendar 2298) solved under constant beliefs.

Year 329 of 500 (calendar 2299) solved under constant beliefs.

Year 330 of 500 (calendar 2300) solved under constant beliefs.

Year 331 of 500 (calendar 2301) solved under constant beliefs.

Year 332 of 500 (calendar 2302) solved under constant beliefs.

Year 333 of 500 (calendar 2303) solved under constant beliefs.

Year 334 of 500 (calendar 2304) solved under constant beliefs.

Year 335 of 500 (calendar 2305) solved under constant beliefs.

Year 336 of 500 (calendar 2306) solved under constant beliefs.

Year 337 of 500 (calendar 2307) solved under constant beliefs.

Year 338 of 500 (calendar 2308) solved under constant beliefs.

Year 339 of 500 (calendar 2309) solved under constant beliefs.

Year 340 of 500 (calendar 2310) solved under constant beliefs.

Year 341 of 500 (calendar 2311) solved under constant beliefs.

Year 342 of 500 (calendar 2312) solved under constant beliefs.

Year 343 of 500 (calendar 2313) solved under constant beliefs.

Year 344 of 500 (calendar 2314) solved under constant beliefs.

Year 345 of 500 (calendar 2315) solved under constant beliefs.

Year 346 of 500 (calendar 2316) solved under constant beliefs.

Year 347 of 500 (calendar 2317) solved under constant beliefs.

Year 348 of 500 (calendar 2318) solved under constant beliefs.

Year 349 of 500 (calendar 2319) solved under constant beliefs.

Year 350 of 500 (calendar 2320) solved under constant beliefs.

Year 351 of 500 (calendar 2321) solved under constant beliefs.

Year 352 of 500 (calendar 2322) solved under constant beliefs.

Year 353 of 500 (calendar 2323) solved under constant beliefs.

Year 354 of 500 (calendar 2324) solved under constant beliefs.

Year 355 of 500 (calendar 2325) solved under constant beliefs.

Year 356 of 500 (calendar 2326) solved under constant beliefs.

Year 357 of 500 (calendar 2327) solved under constant beliefs.

Year 358 of 500 (calendar 2328) solved under constant beliefs.

Year 359 of 500 (calendar 2329) solved under constant beliefs.

Year 360 of 500 (calendar 2330) solved under constant beliefs.

Year 361 of 500 (calendar 2331) solved under constant beliefs.

Year 362 of 500 (calendar 2332) solved under constant beliefs.

Year 363 of 500 (calendar 2333) solved under constant beliefs.

Year 364 of 500 (calendar 2334) solved under constant beliefs.

Year 365 of 500 (calendar 2335) solved under constant beliefs.

Year 366 of 500 (calendar 2336) solved under constant beliefs.

Year 367 of 500 (calendar 2337) solved under constant beliefs.

Year 368 of 500 (calendar 2338) solved under constant beliefs.

Year 369 of 500 (calendar 2339) solved under constant beliefs.

Year 370 of 500 (calendar 2340) solved under constant beliefs.

Year 371 of 500 (calendar 2341) solved under constant beliefs.

Year 372 of 500 (calendar 2342) solved under constant beliefs.

Year 373 of 500 (calendar 2343) solved under constant beliefs.

Year 374 of 500 (calendar 2344) solved under constant beliefs.

Year 375 of 500 (calendar 2345) solved under constant beliefs.

Year 376 of 500 (calendar 2346) solved under constant beliefs.

Year 377 of 500 (calendar 2347) solved under constant beliefs.

Year 378 of 500 (calendar 2348) solved under constant beliefs.

Year 379 of 500 (calendar 2349) solved under constant beliefs.

Year 380 of 500 (calendar 2350) solved under constant beliefs.

Year 381 of 500 (calendar 2351) solved under constant beliefs.

Year 382 of 500 (calendar 2352) solved under constant beliefs.

Year 383 of 500 (calendar 2353) solved under constant beliefs.

Year 384 of 500 (calendar 2354) solved under constant beliefs.

Year 385 of 500 (calendar 2355) solved under constant beliefs.

Year 386 of 500 (calendar 2356) solved under constant beliefs.

Year 387 of 500 (calendar 2357) solved under constant beliefs.

Year 388 of 500 (calendar 2358) solved under constant beliefs.

Year 389 of 500 (calendar 2359) solved under constant beliefs.

Year 390 of 500 (calendar 2360) solved under constant beliefs.

Year 391 of 500 (calendar 2361) solved under constant beliefs.

Year 392 of 500 (calendar 2362) solved under constant beliefs.

Year 393 of 500 (calendar 2363) solved under constant beliefs.

Year 394 of 500 (calendar 2364) solved under constant beliefs.

Year 395 of 500 (calendar 2365) solved under constant beliefs.

Year 396 of 500 (calendar 2366) solved under constant beliefs.

Year 397 of 500 (calendar 2367) solved under constant beliefs.

Year 398 of 500 (calendar 2368) solved under constant beliefs.

Year 399 of 500 (calendar 2369) solved under constant beliefs.

Year 400 of 500 (calendar 2370) solved under constant beliefs.

Year 401 of 500 (calendar 2371) solved under constant beliefs.

Year 402 of 500 (calendar 2372) solved under constant beliefs.

Year 403 of 500 (calendar 2373) solved under constant beliefs.

Year 404 of 500 (calendar 2374) solved under constant beliefs.

Year 405 of 500 (calendar 2375) solved under constant beliefs.

Year 406 of 500 (calendar 2376) solved under constant beliefs.

Year 407 of 500 (calendar 2377) solved under constant beliefs.

Year 408 of 500 (calendar 2378) solved under constant beliefs.

Year 409 of 500 (calendar 2379) solved under constant beliefs.

Year 410 of 500 (calendar 2380) solved under constant beliefs.

Year 411 of 500 (calendar 2381) solved under constant beliefs.

Year 412 of 500 (calendar 2382) solved under constant beliefs.

Year 413 of 500 (calendar 2383) solved under constant beliefs.

Year 414 of 500 (calendar 2384) solved under constant beliefs.

Year 415 of 500 (calendar 2385) solved under constant beliefs.

Year 416 of 500 (calendar 2386) solved under constant beliefs.

Year 417 of 500 (calendar 2387) solved under constant beliefs.

Year 418 of 500 (calendar 2388) solved under constant beliefs.

Year 419 of 500 (calendar 2389) solved under constant beliefs.

Year 420 of 500 (calendar 2390) solved under constant beliefs.

Year 421 of 500 (calendar 2391) solved under constant beliefs.

Year 422 of 500 (calendar 2392) solved under constant beliefs.

Year 423 of 500 (calendar 2393) solved under constant beliefs.

Year 424 of 500 (calendar 2394) solved under constant beliefs.

Year 425 of 500 (calendar 2395) solved under constant beliefs.

Year 426 of 500 (calendar 2396) solved under constant beliefs.

Year 427 of 500 (calendar 2397) solved under constant beliefs.

Year 428 of 500 (calendar 2398) solved under constant beliefs.

Year 429 of 500 (calendar 2399) solved under constant beliefs.

Year 430 of 500 (calendar 2400) solved under constant beliefs.

Year 431 of 500 (calendar 2401) solved under constant beliefs.

Year 432 of 500 (calendar 2402) solved under constant beliefs.

Year 433 of 500 (calendar 2403) solved under constant beliefs.

Year 434 of 500 (calendar 2404) solved under constant beliefs.

Year 435 of 500 (calendar 2405) solved under constant beliefs.

Year 436 of 500 (calendar 2406) solved under constant beliefs.

Year 437 of 500 (calendar 2407) solved under constant beliefs.

Year 438 of 500 (calendar 2408) solved under constant beliefs.

Year 439 of 500 (calendar 2409) solved under constant beliefs.

Year 440 of 500 (calendar 2410) solved under constant beliefs.

Year 441 of 500 (calendar 2411) solved under constant beliefs.

Year 442 of 500 (calendar 2412) solved under constant beliefs.

Year 443 of 500 (calendar 2413) solved under constant beliefs.

Year 444 of 500 (calendar 2414) solved under constant beliefs.

Year 445 of 500 (calendar 2415) solved under constant beliefs.

Year 446 of 500 (calendar 2416) solved under constant beliefs.

Year 447 of 500 (calendar 2417) solved under constant beliefs.

Year 448 of 500 (calendar 2418) solved under constant beliefs.

Year 449 of 500 (calendar 2419) solved under constant beliefs.

Year 450 of 500 (calendar 2420) solved under constant beliefs.

Year 451 of 500 (calendar 2421) solved under constant beliefs.

Year 452 of 500 (calendar 2422) solved under constant beliefs.

Year 453 of 500 (calendar 2423) solved under constant beliefs.

Year 454 of 500 (calendar 2424) solved under constant beliefs.

Year 455 of 500 (calendar 2425) solved under constant beliefs.

Year 456 of 500 (calendar 2426) solved under constant beliefs.

Year 457 of 500 (calendar 2427) solved under constant beliefs.

Year 458 of 500 (calendar 2428) solved under constant beliefs.

Year 459 of 500 (calendar 2429) solved under constant beliefs.

Year 460 of 500 (calendar 2430) solved under constant beliefs.

Year 461 of 500 (calendar 2431) solved under constant beliefs.

Year 462 of 500 (calendar 2432) solved under constant beliefs.

Year 463 of 500 (calendar 2433) solved under constant beliefs.

Year 464 of 500 (calendar 2434) solved under constant beliefs.

Year 465 of 500 (calendar 2435) solved under constant beliefs.

Year 466 of 500 (calendar 2436) solved under constant beliefs.

Year 467 of 500 (calendar 2437) solved under constant beliefs.

Year 468 of 500 (calendar 2438) solved under constant beliefs.

Year 469 of 500 (calendar 2439) solved under constant beliefs.

Year 470 of 500 (calendar 2440) solved under constant beliefs.

Year 471 of 500 (calendar 2441) solved under constant beliefs.

Year 472 of 500 (calendar 2442) solved under constant beliefs.

Year 473 of 500 (calendar 2443) solved under constant beliefs.

Year 474 of 500 (calendar 2444) solved under constant beliefs.

Year 475 of 500 (calendar 2445) solved under constant beliefs.

Year 476 of 500 (calendar 2446) solved under constant beliefs.

Year 477 of 500 (calendar 2447) solved under constant beliefs.

Year 478 of 500 (calendar 2448) solved under constant beliefs.

Year 479 of 500 (calendar 2449) solved under constant beliefs.

Year 480 of 500 (calendar 2450) solved under constant beliefs.

Year 481 of 500 (calendar 2451) solved under constant beliefs.

Year 482 of 500 (calendar 2452) solved under constant beliefs.

Year 483 of 500 (calendar 2453) solved under constant beliefs.

Year 484 of 500 (calendar 2454) solved under constant beliefs.

Year 485 of 500 (calendar 2455) solved under constant beliefs.

Year 486 of 500 (calendar 2456) solved under constant beliefs.

Year 487 of 500 (calendar 2457) solved under constant beliefs.

Year 488 of 500 (calendar 2458) solved under constant beliefs.

Year 489 of 500 (calendar 2459) solved under constant beliefs.

Year 490 of 500 (calendar 2460) solved under constant beliefs.

Year 491 of 500 (calendar 2461) solved under constant beliefs.

Year 492 of 500 (calendar 2462) solved under constant beliefs.

Year 493 of 500 (calendar 2463) solved under constant beliefs.

Year 494 of 500 (calendar 2464) solved under constant beliefs.

Year 495 of 500 (calendar 2465) solved under constant beliefs.

Year 496 of 500 (calendar 2466) solved under constant beliefs.

Year 497 of 500 (calendar 2467) solved under constant beliefs.

Year 498 of 500 (calendar 2468) solved under constant beliefs.

Year 499 of 500 (calendar 2469) solved under constant beliefs.

Year 500 of 500 (calendar 2470) solved under constant beliefs.
>>> THE LOOP IS FINISHED! <<<
[Warning: Exported image displays axes toolbar. To remove axes toolbar from image, export again.] 
>>> EXPORTING FULL DUMP... <<<
CSV: 501 rows x 66 columns
>>> SAVING R_STAR TO MAT FILE... <<<
R_star saved: 501 obs, 1970 to 2470.
Total computing time : 0h00m32s
Note: 1 warning(s) encountered in the preprocessor
Note: warning(s) encountered in MATLAB/Octave code
